Copyright 1986-2014 Xilinx, Inc. All Rights Reserved.
-----------------------------------------------------------------------------------------------------------------------------------
| Tool Version      : Vivado v.2014.4 (lin64) Build 1071353 Tue Nov 18 16:47:07 MST 2014
| Date              : Wed Mar 25 12:53:05 2015
| Host              : sena running 64-bit Ubuntu 14.04.2 LTS
| Command           : report_timing -sort_by group -max_paths 100 -path_type summary -file ./Impl/TopDown/top-post-link-timing.rpt
| Design            : mkZynqTop
| Device            : 7z020-clg484
| Speed File        : -1  PRODUCTION 1.11 2014-09-11
| Temperature Grade : C
-----------------------------------------------------------------------------------------------------------------------------------

Timing Report

Startpoint                     Endpoint                       Slack         
-------------------------------------------------------------------         
ps7_idel_delayed/reset_hold_reg[0]/C ps7_idel_delayed/reset_hold_reg[1]/D 3.618         
ps7_derived_reset_unbuffered/reset_hold_reg[0]/C ps7_derived_reset_unbuffered/reset_hold_reg[1]/D 3.831         
ps7_ps7_foo/MAXIGP0ACLK        ps7_ps7_foo/MAXIGP0WREADY      5.489         
top_lLedController_remainingDuration_reg[22]/C top_lLedController_ledsCmdFifo/head_reg[0]/CE 5.568         
top_lLedController_remainingDuration_reg[22]/C top_lLedController_ledsCmdFifo/head_reg[1]/CE 5.568         
top_lLedController_remainingDuration_reg[22]/C top_lLedController_ledsCmdFifo/head_reg[2]/CE 5.568         
top_lLedController_remainingDuration_reg[22]/C top_lLedController_ledsCmdFifo/head_reg[3]/CE 5.568         
top_lLedController_remainingDuration_reg[22]/C top_lLedController_ledsCmdFifo/head_reg[4]/CE 5.568         
ps7_ps7_foo/MAXIGP0ACLK        ps7_ps7_foo/MAXIGP0RVALID      5.597         
top_lLedControllerRequestInputPipes/setLeds_requestFifo_fifo/empty_reg_reg/C top_portalEnt_0_memslave_fifoWriteAddrGenerator_addrBeatFifo/data0_reg_reg[0]/D 5.672         
top_lLedControllerRequestInputPipes/setLeds_requestFifo_fifo/empty_reg_reg/C top_portalEnt_0_memslave_fifoWriteAddrGenerator_addrBeatFifo/data0_reg_reg[1]/D 5.672         
top_lLedControllerRequestInputPipes/setLeds_requestFifo_fifo/empty_reg_reg/C top_portalEnt_0_memslave_fifoWriteAddrGenerator_addrBeatFifo/data0_reg_reg[2]/D 5.672         
top_lLedControllerRequestInputPipes/setLeds_requestFifo_fifo/empty_reg_reg/C top_portalEnt_0_memslave_fifoWriteAddrGenerator_addrBeatFifo/data0_reg_reg[3]/D 5.672         
top_lLedControllerRequestInputPipes/setLeds_requestFifo_fifo/empty_reg_reg/C top_portalEnt_0_memslave_fifoWriteAddrGenerator_addrBeatFifo/data0_reg_reg[4]/D 5.672         
top_lLedControllerRequestInputPipes/setLeds_requestFifo_fifo/empty_reg_reg/C top_portalEnt_0_memslave_fifoWriteAddrGenerator_addrBeatFifo/data0_reg_reg[5]/D 5.672         
top_lLedControllerRequestInputPipes/setLeds_requestFifo_fifo/empty_reg_reg/C top_portalEnt_0_memslave_fifoWriteAddrGenerator_addrBeatFifo/data0_reg_reg[6]/D 5.672         
top_lLedControllerRequestInputPipes/setLeds_requestFifo_fifo/empty_reg_reg/C top_portalEnt_0_memslave_fifoWriteDoneFifo/data1_reg_reg[0]/CE 5.724         
top_lLedControllerRequestInputPipes/setLeds_requestFifo_fifo/empty_reg_reg/C top_portalEnt_0_memslave_fifoWriteDoneFifo/data1_reg_reg[1]/CE 5.724         
top_lLedControllerRequestInputPipes/setLeds_requestFifo_fifo/empty_reg_reg/C top_portalEnt_0_memslave_fifoWriteDoneFifo/data1_reg_reg[2]/CE 5.724         
top_lLedControllerRequestInputPipes/setLeds_requestFifo_fifo/empty_reg_reg/C top_portalEnt_0_memslave_fifoWriteDoneFifo/data1_reg_reg[3]/CE 5.724         
top_lLedControllerRequestInputPipes/setLeds_requestFifo_fifo/empty_reg_reg/C top_portalEnt_0_memslave_fifoWriteDoneFifo/data1_reg_reg[4]/CE 5.724         
top_lLedControllerRequestInputPipes/setLeds_requestFifo_fifo/empty_reg_reg/C top_portalEnt_0_memslave_fifoWriteDoneFifo/data1_reg_reg[5]/CE 5.724         
top_lLedController_remainingDuration_reg[22]/C top_lLedController_ledsCmdFifo/arr_reg_0_31_0_5/RAMA/WE 5.743         
top_lLedController_remainingDuration_reg[22]/C top_lLedController_ledsCmdFifo/arr_reg_0_31_0_5/RAMA_D1/WE 5.743         
top_lLedController_remainingDuration_reg[22]/C top_lLedController_ledsCmdFifo/arr_reg_0_31_0_5/RAMB/WE 5.743         
top_lLedController_remainingDuration_reg[22]/C top_lLedController_ledsCmdFifo/arr_reg_0_31_0_5/RAMB_D1/WE 5.743         
top_lLedController_remainingDuration_reg[22]/C top_lLedController_ledsCmdFifo/arr_reg_0_31_0_5/RAMC/WE 5.743         
top_lLedController_remainingDuration_reg[22]/C top_lLedController_ledsCmdFifo/arr_reg_0_31_0_5/RAMC_D1/WE 5.743         
top_lLedController_remainingDuration_reg[22]/C top_lLedController_ledsCmdFifo/arr_reg_0_31_0_5/RAMD/WE 5.743         
top_lLedController_remainingDuration_reg[22]/C top_lLedController_ledsCmdFifo/arr_reg_0_31_0_5/RAMD_D1/WE 5.743         
top_lLedController_remainingDuration_reg[22]/C top_lLedController_ledsCmdFifo/arr_reg_0_31_12_17/RAMA/WE 5.743         
top_lLedController_remainingDuration_reg[22]/C top_lLedController_ledsCmdFifo/arr_reg_0_31_12_17/RAMA_D1/WE 5.743         
top_lLedController_remainingDuration_reg[22]/C top_lLedController_ledsCmdFifo/arr_reg_0_31_12_17/RAMB/WE 5.743         
top_lLedController_remainingDuration_reg[22]/C top_lLedController_ledsCmdFifo/arr_reg_0_31_12_17/RAMB_D1/WE 5.743         
top_lLedController_remainingDuration_reg[22]/C top_lLedController_ledsCmdFifo/arr_reg_0_31_12_17/RAMC/WE 5.743         
top_lLedController_remainingDuration_reg[22]/C top_lLedController_ledsCmdFifo/arr_reg_0_31_12_17/RAMC_D1/WE 5.743         
top_lLedController_remainingDuration_reg[22]/C top_lLedController_ledsCmdFifo/arr_reg_0_31_12_17/RAMD/WE 5.743         
top_lLedController_remainingDuration_reg[22]/C top_lLedController_ledsCmdFifo/arr_reg_0_31_12_17/RAMD_D1/WE 5.743         
top_lLedController_remainingDuration_reg[22]/C top_lLedController_ledsCmdFifo/arr_reg_0_31_18_23/RAMA/WE 5.743         
top_lLedController_remainingDuration_reg[22]/C top_lLedController_ledsCmdFifo/arr_reg_0_31_18_23/RAMA_D1/WE 5.743         
top_lLedController_remainingDuration_reg[22]/C top_lLedController_ledsCmdFifo/arr_reg_0_31_18_23/RAMB/WE 5.743         
top_lLedController_remainingDuration_reg[22]/C top_lLedController_ledsCmdFifo/arr_reg_0_31_18_23/RAMB_D1/WE 5.743         
top_lLedController_remainingDuration_reg[22]/C top_lLedController_ledsCmdFifo/arr_reg_0_31_18_23/RAMC/WE 5.743         
top_lLedController_remainingDuration_reg[22]/C top_lLedController_ledsCmdFifo/arr_reg_0_31_18_23/RAMC_D1/WE 5.743         
top_lLedController_remainingDuration_reg[22]/C top_lLedController_ledsCmdFifo/arr_reg_0_31_18_23/RAMD/WE 5.743         
top_lLedController_remainingDuration_reg[22]/C top_lLedController_ledsCmdFifo/arr_reg_0_31_18_23/RAMD_D1/WE 5.743         
top_lLedController_remainingDuration_reg[22]/C top_lLedController_ledsCmdFifo/arr_reg_0_31_24_29/RAMA/WE 5.743         
top_lLedController_remainingDuration_reg[22]/C top_lLedController_ledsCmdFifo/arr_reg_0_31_24_29/RAMA_D1/WE 5.743         
top_lLedController_remainingDuration_reg[22]/C top_lLedController_ledsCmdFifo/arr_reg_0_31_24_29/RAMB/WE 5.743         
top_lLedController_remainingDuration_reg[22]/C top_lLedController_ledsCmdFifo/arr_reg_0_31_24_29/RAMB_D1/WE 5.743         
top_lLedController_remainingDuration_reg[22]/C top_lLedController_ledsCmdFifo/arr_reg_0_31_24_29/RAMC/WE 5.743         
top_lLedController_remainingDuration_reg[22]/C top_lLedController_ledsCmdFifo/arr_reg_0_31_24_29/RAMC_D1/WE 5.743         
top_lLedController_remainingDuration_reg[22]/C top_lLedController_ledsCmdFifo/arr_reg_0_31_24_29/RAMD/WE 5.743         
top_lLedController_remainingDuration_reg[22]/C top_lLedController_ledsCmdFifo/arr_reg_0_31_24_29/RAMD_D1/WE 5.743         
top_lLedController_remainingDuration_reg[22]/C top_lLedController_ledsCmdFifo/arr_reg_0_31_30_35/RAMA/WE 5.743         
top_lLedController_remainingDuration_reg[22]/C top_lLedController_ledsCmdFifo/arr_reg_0_31_30_35/RAMA_D1/WE 5.743         
top_lLedController_remainingDuration_reg[22]/C top_lLedController_ledsCmdFifo/arr_reg_0_31_30_35/RAMB/WE 5.743         
top_lLedController_remainingDuration_reg[22]/C top_lLedController_ledsCmdFifo/arr_reg_0_31_30_35/RAMB_D1/WE 5.743         
top_lLedController_remainingDuration_reg[22]/C top_lLedController_ledsCmdFifo/arr_reg_0_31_30_35/RAMC/WE 5.743         
top_lLedController_remainingDuration_reg[22]/C top_lLedController_ledsCmdFifo/arr_reg_0_31_30_35/RAMC_D1/WE 5.743         
top_lLedController_remainingDuration_reg[22]/C top_lLedController_ledsCmdFifo/arr_reg_0_31_30_35/RAMD/WE 5.743         
top_lLedController_remainingDuration_reg[22]/C top_lLedController_ledsCmdFifo/arr_reg_0_31_30_35/RAMD_D1/WE 5.743         
top_lLedController_remainingDuration_reg[22]/C top_lLedController_ledsCmdFifo/arr_reg_0_31_36_39/RAMA/WE 5.743         
top_lLedController_remainingDuration_reg[22]/C top_lLedController_ledsCmdFifo/arr_reg_0_31_36_39/RAMA_D1/WE 5.743         
top_lLedController_remainingDuration_reg[22]/C top_lLedController_ledsCmdFifo/arr_reg_0_31_36_39/RAMB/WE 5.743         
top_lLedController_remainingDuration_reg[22]/C top_lLedController_ledsCmdFifo/arr_reg_0_31_36_39/RAMB_D1/WE 5.743         
top_lLedController_remainingDuration_reg[22]/C top_lLedController_ledsCmdFifo/arr_reg_0_31_36_39/RAMC/WE 5.743         
top_lLedController_remainingDuration_reg[22]/C top_lLedController_ledsCmdFifo/arr_reg_0_31_36_39/RAMC_D1/WE 5.743         
top_lLedController_remainingDuration_reg[22]/C top_lLedController_ledsCmdFifo/arr_reg_0_31_36_39/RAMD/WE 5.743         
top_lLedController_remainingDuration_reg[22]/C top_lLedController_ledsCmdFifo/arr_reg_0_31_36_39/RAMD_D1/WE 5.743         
top_lLedController_remainingDuration_reg[22]/C top_lLedController_ledsCmdFifo/arr_reg_0_31_6_11/RAMA/WE 5.743         
top_lLedController_remainingDuration_reg[22]/C top_lLedController_ledsCmdFifo/arr_reg_0_31_6_11/RAMA_D1/WE 5.743         
top_lLedController_remainingDuration_reg[22]/C top_lLedController_ledsCmdFifo/arr_reg_0_31_6_11/RAMB/WE 5.743         
top_lLedController_remainingDuration_reg[22]/C top_lLedController_ledsCmdFifo/arr_reg_0_31_6_11/RAMB_D1/WE 5.743         
top_lLedController_remainingDuration_reg[22]/C top_lLedController_ledsCmdFifo/arr_reg_0_31_6_11/RAMC/WE 5.743         
top_lLedController_remainingDuration_reg[22]/C top_lLedController_ledsCmdFifo/arr_reg_0_31_6_11/RAMC_D1/WE 5.743         
top_lLedController_remainingDuration_reg[22]/C top_lLedController_ledsCmdFifo/arr_reg_0_31_6_11/RAMD/WE 5.743         
top_lLedController_remainingDuration_reg[22]/C top_lLedController_ledsCmdFifo/arr_reg_0_31_6_11/RAMD_D1/WE 5.743         
ps7_ps7_foo/MAXIGP0ACLK        ps7_ps7_foo/MAXIGP0BID[0]      5.777         
ps7_ps7_foo/MAXIGP0ACLK        ps7_ps7_foo/MAXIGP0BID[2]      5.777         
ps7_ps7_foo/MAXIGP0ACLK        ps7_ps7_foo/MAXIGP0BID[4]      5.777         
ps7_ps7_foo/MAXIGP0ACLK        ps7_ps7_foo/MAXIGP0BVALID      5.780         
ps7_ps7_foo/MAXIGP0ACLK        ps7_ps7_foo/MAXIGP0AWREADY     5.799         
ps7_ps7_foo/MAXIGP0ACLK        ps7_ps7_foo/MAXIGP0RID[0]      5.811         
ps7_ps7_foo/MAXIGP0ACLK        ps7_ps7_foo/MAXIGP0RID[2]      5.811         
ps7_ps7_foo/MAXIGP0ACLK        ps7_ps7_foo/MAXIGP0RID[3]      5.811         
ps7_ps7_foo/MAXIGP0ACLK        ps7_ps7_foo/MAXIGP0ARREADY     5.811         
ps7_ps7_foo/MAXIGP0ACLK        ps7_ps7_foo/MAXIGP0RDATA[0]    5.831         
ps7_ps7_foo/MAXIGP0ACLK        ps7_ps7_foo/MAXIGP0RDATA[10]   5.831         
ps7_ps7_foo/MAXIGP0ACLK        ps7_ps7_foo/MAXIGP0RDATA[12]   5.831         
ps7_ps7_foo/MAXIGP0ACLK        ps7_ps7_foo/MAXIGP0RDATA[14]   5.831         
ps7_ps7_foo/MAXIGP0ACLK        ps7_ps7_foo/MAXIGP0RDATA[16]   5.831         
ps7_ps7_foo/MAXIGP0ACLK        ps7_ps7_foo/MAXIGP0RDATA[18]   5.831         
ps7_ps7_foo/MAXIGP0ACLK        ps7_ps7_foo/MAXIGP0RDATA[20]   5.831         
ps7_ps7_foo/MAXIGP0ACLK        ps7_ps7_foo/MAXIGP0RDATA[22]   5.831         
ps7_ps7_foo/MAXIGP0ACLK        ps7_ps7_foo/MAXIGP0RDATA[24]   5.831         
ps7_ps7_foo/MAXIGP0ACLK        ps7_ps7_foo/MAXIGP0RDATA[26]   5.831         
ps7_ps7_foo/MAXIGP0ACLK        ps7_ps7_foo/MAXIGP0RDATA[28]   5.831         
ps7_ps7_foo/MAXIGP0ACLK        ps7_ps7_foo/MAXIGP0RDATA[2]    5.831         
ps7_ps7_foo/MAXIGP0ACLK        ps7_ps7_foo/MAXIGP0RDATA[30]   5.831         
ps7_ps7_foo/MAXIGP0ACLK        ps7_ps7_foo/MAXIGP0RDATA[4]    5.831         
ps7_ps7_foo/MAXIGP0ACLK        ps7_ps7_foo/MAXIGP0RDATA[6]    5.831         



